0 info it worked if it ends with ok
1 verbose cli [ 'node', '/usr/local/bin/npm', 'install', '-g', 'grunt-cli' ]
2 info using npm@2.1.16
3 info using node@v0.10.35
4 silly cache add args [ 'grunt-cli', null ]
5 verbose cache add spec grunt-cli
6 silly cache add parsed spec { raw: 'grunt-cli',
6 silly cache add   scope: null,
6 silly cache add   name: 'grunt-cli',
6 silly cache add   rawSpec: '',
6 silly cache add   spec: '*',
6 silly cache add   type: 'range' }
7 verbose addNamed grunt-cli@*
8 silly addNamed semver.valid null
9 silly addNamed semver.validRange *
10 silly addNameRange { name: 'grunt-cli', range: '*', hasData: false }
11 silly mapToRegistry name grunt-cli
12 silly mapToRegistry using default registry
13 silly mapToRegistry registry https://registry.npmjs.org/
14 silly mapToRegistry uri https://registry.npmjs.org/grunt-cli
15 verbose addNameRange registry:https://registry.npmjs.org/grunt-cli not in flight; fetching
16 verbose request uri https://registry.npmjs.org/grunt-cli
17 verbose request no auth needed
18 info attempt registry request try #1 at 15:43:15
19 verbose request id e525e431ba7c5a56
20 verbose etag "8MIDUSS81SHCZ2EKBOQW06E0V"
21 http request GET https://registry.npmjs.org/grunt-cli
22 http 200 https://registry.npmjs.org/grunt-cli
23 silly get cb [ 200,
23 silly get   { server: 'CouchDB/1.5.0 (Erlang OTP/R16B03)',
23 silly get     etag: '"B9FLMDRM1PL9ML10IAVJQVJYU"',
23 silly get     'content-type': 'application/json',
23 silly get     'cache-control': 'max-age=300',
23 silly get     'content-length': '24084',
23 silly get     'accept-ranges': 'bytes',
23 silly get     date: 'Sun, 14 Feb 2016 06:43:16 GMT',
23 silly get     via: '1.1 varnish',
23 silly get     age: '271',
23 silly get     connection: 'keep-alive',
23 silly get     'x-served-by': 'cache-nrt6120-NRT',
23 silly get     'x-cache': 'HIT',
23 silly get     'x-cache-hits': '1',
23 silly get     'x-timer': 'S1455432196.824330,VS0,VE0',
23 silly get     vary: 'Accept' } ]
24 silly addNameRange number 2 { name: 'grunt-cli', range: '*', hasData: true }
25 silly addNameRange versions [ 'grunt-cli',
25 silly addNameRange   [ '0.1.0',
25 silly addNameRange     '0.1.1',
25 silly addNameRange     '0.1.2',
25 silly addNameRange     '0.1.3',
25 silly addNameRange     '0.1.4',
25 silly addNameRange     '0.1.5',
25 silly addNameRange     '0.1.6',
25 silly addNameRange     '0.1.7',
25 silly addNameRange     '0.1.8',
25 silly addNameRange     '0.1.9',
25 silly addNameRange     '0.1.10',
25 silly addNameRange     '0.1.11',
25 silly addNameRange     '0.1.12',
25 silly addNameRange     '0.1.13',
25 silly addNameRange     '1.0.0-rc1' ] ]
26 verbose addNamed grunt-cli@0.1.13
27 silly addNamed semver.valid 0.1.13
28 silly addNamed semver.validRange 0.1.13
29 silly cache afterAdd grunt-cli@0.1.13
30 verbose afterAdd /Users/restard/.npm/grunt-cli/0.1.13/package/package.json not in flight; writing
31 verbose afterAdd /Users/restard/.npm/grunt-cli/0.1.13/package/package.json written
32 silly install resolved [ { name: 'grunt-cli',
32 silly install resolved     description: 'The grunt command line interface.',
32 silly install resolved     version: '0.1.13',
32 silly install resolved     author: { name: 'Grunt Team' },
32 silly install resolved     homepage: 'http://gruntjs.com/',
32 silly install resolved     repository: { type: 'git', url: 'git://github.com/gruntjs/grunt-cli.git' },
32 silly install resolved     bugs: { url: 'http://github.com/gruntjs/grunt-cli/issues' },
32 silly install resolved     licenses: [ [Object] ],
32 silly install resolved     bin: { grunt: 'bin/grunt' },
32 silly install resolved     engines: { node: '>= 0.8.0' },
32 silly install resolved     scripts: { test: 'node bin/grunt test' },
32 silly install resolved     preferGlobal: true,
32 silly install resolved     dependencies: { nopt: '~1.0.10', 'findup-sync': '~0.1.0', resolve: '~0.3.1' },
32 silly install resolved     devDependencies: { grunt: '~0.4.0', 'grunt-contrib-jshint': '~0.2.0' },
32 silly install resolved     contributors: [ [Object], [Object], [Object], [Object] ],
32 silly install resolved     _id: 'grunt-cli@0.1.13',
32 silly install resolved     dist:
32 silly install resolved      { shasum: 'e9ebc4047631f5012d922770c39378133cad10f4',
32 silly install resolved        tarball: 'http://registry.npmjs.org/grunt-cli/-/grunt-cli-0.1.13.tgz' },
32 silly install resolved     _from: 'grunt-cli@*',
32 silly install resolved     _npmVersion: '1.3.24',
32 silly install resolved     _npmUser: { name: 'tkellen', email: 'tyler@sleekcode.net' },
32 silly install resolved     maintainers: [ [Object] ],
32 silly install resolved     directories: {},
32 silly install resolved     _shasum: 'e9ebc4047631f5012d922770c39378133cad10f4',
32 silly install resolved     _resolved: 'https://registry.npmjs.org/grunt-cli/-/grunt-cli-0.1.13.tgz',
32 silly install resolved     readme: 'ERROR: No README data found!' } ]
33 info install grunt-cli@0.1.13 into /usr/local/lib
34 info installOne grunt-cli@0.1.13
35 verbose installOne of grunt-cli to /usr/local/lib not in flight; installing
36 warn locking Error: EACCES, open '/Users/restard/.npm/_locks/grunt-cli-58f484dab06f0a30.lock'
36 warn locking  /Users/restard/.npm/_locks/grunt-cli-58f484dab06f0a30.lock failed { [Error: EACCES, open '/Users/restard/.npm/_locks/grunt-cli-58f484dab06f0a30.lock']
36 warn locking   errno: 3,
36 warn locking   code: 'EACCES',
36 warn locking   path: '/Users/restard/.npm/_locks/grunt-cli-58f484dab06f0a30.lock' }
37 verbose stack Error: Attempt to unlock /usr/local/lib/node_modules/grunt-cli, which hasn't been locked
37 verbose stack     at unlock (/usr/local/lib/node_modules/npm/lib/utils/locker.js:66:11)
37 verbose stack     at cb (/usr/local/lib/node_modules/npm/lib/install.js:929:5)
37 verbose stack     at /usr/local/lib/node_modules/npm/lib/install.js:933:20
37 verbose stack     at /usr/local/lib/node_modules/npm/lib/utils/locker.js:40:9
37 verbose stack     at cb (/usr/local/lib/node_modules/npm/node_modules/lockfile/lockfile.js:149:38)
37 verbose stack     at /usr/local/lib/node_modules/npm/node_modules/lockfile/lockfile.js:177:38
37 verbose stack     at Object.oncomplete (fs.js:108:15)
38 verbose cwd /Users/restard/Documents/01_DEV_petiteadventurefilms.com
39 error Darwin 15.3.0
40 error argv "node" "/usr/local/bin/npm" "install" "-g" "grunt-cli"
41 error node v0.10.35
42 error npm  v2.1.16
43 error Attempt to unlock /usr/local/lib/node_modules/grunt-cli, which hasn't been locked
44 error If you need help, you may report this error at:
44 error     <http://github.com/npm/npm/issues>
45 verbose exit [ 1, true ]
